// Jest Snapshot v1, https://goo.gl/fbAQLP

exports[`test UserNavigation should match snapshot 1`] = `
<div>
  <div
    class="relative flex cursor-pointer items-center justify-center bg-transparent rounded-md transparent p-2 transition-colors dark:text-white hover:bg-slate-200 dark:hover:bg-slate-400 after:water-wave-hide active:after:water-wave-show bg-slate-100 px-2 py-1 text-base dark:bg-black ant-popover-open"
    data-testid="open-popover-icon"
  >
    <img
      class="h-6 w-6 rounded-[50%] bg-primary"
      src="https://joeschmoe.io/api/v1/random"
    />
    <span
      class="ml-3 font-bold"
    />
  </div>
</div>
`;
